2024-02-13 14:48:50,239 INFO o.a.j.u.JMeterUtils: Setting Locale to en_EN
2024-02-13 14:48:50,259 INFO o.a.j.JMeter: Loading user properties from: C:\Users\ashwanis\Desktop\360Logica\360Logica\360Logica\src\main\java\core\Perfomance\bin\user.properties
2024-02-13 14:48:50,259 INFO o.a.j.JMeter: Loading system properties from: C:\Users\ashwanis\Desktop\360Logica\360Logica\360Logica\src\main\java\core\Perfomance\bin\system.properties
2024-02-13 14:48:50,266 INFO o.a.j.JMeter: Copyright (c) 1998-2024 The Apache Software Foundation
2024-02-13 14:48:50,266 INFO o.a.j.JMeter: Version 5.6.3
2024-02-13 14:48:50,266 INFO o.a.j.JMeter: java.version=21.0.1
2024-02-13 14:48:50,266 INFO o.a.j.JMeter: java.vm.name=Java HotSpot(TM) 64-Bit Server VM
2024-02-13 14:48:50,267 INFO o.a.j.JMeter: os.name=Windows 10
2024-02-13 14:48:50,267 INFO o.a.j.JMeter: os.arch=amd64
2024-02-13 14:48:50,267 INFO o.a.j.JMeter: os.version=10.0
2024-02-13 14:48:50,267 INFO o.a.j.JMeter: file.encoding=UTF-8
2024-02-13 14:48:50,267 INFO o.a.j.JMeter: java.awt.headless=true
2024-02-13 14:48:50,267 INFO o.a.j.JMeter: Max memory     =1073741824
2024-02-13 14:48:50,267 INFO o.a.j.JMeter: Available Processors =4
2024-02-13 14:48:50,279 INFO o.a.j.JMeter: Default Locale=English (EN)
2024-02-13 14:48:50,279 INFO o.a.j.JMeter: JMeter  Locale=English (EN)
2024-02-13 14:48:50,279 INFO o.a.j.JMeter: JMeterHome=C:\Users\ashwanis\Desktop\360Logica\360Logica\360Logica\src\main\java\core\Perfomance
2024-02-13 14:48:50,280 INFO o.a.j.JMeter: user.dir  =C:\Users\ashwanis\Desktop\360Logica\360Logica\360Logica
2024-02-13 14:48:50,281 INFO o.a.j.JMeter: PWD       =C:\Users\ashwanis\Desktop\360Logica\360Logica\360Logica
2024-02-13 14:48:50,283 INFO o.a.j.JMeter: IP: 10.154.0.32 Name: 360NDCPC160 FullName: 360NDCPC160.360logica.com
2024-02-13 14:48:50,299 INFO o.a.j.JMeter: Setting property 'jmeter.reportgenerator.outputdir' to:'C:\Users\ashwanis\Desktop\360Logica\360Logica\360Logica\Reports\Performance'
2024-02-13 14:48:50,303 INFO o.a.j.r.d.ReportGenerator: ReportGenerator will use for Parsing the separator: ','
2024-02-13 14:48:50,304 INFO o.a.j.r.d.ReportGenerator: Will only generate report from results file: C:\\Users\\ashwanis\\Desktop\\360Logica\\360Logica\\360Logica/src/test/resources/PerformanceScripts/test.jtl
2024-02-13 14:48:50,304 INFO o.a.j.r.d.ReportGenerator: Reading report generator properties from: C:\Users\ashwanis\Desktop\360Logica\360Logica\360Logica\src\main\java\core\Perfomance\bin\reportgenerator.properties
2024-02-13 14:48:50,305 INFO o.a.j.r.d.ReportGenerator: Merging with JMeter properties
2024-02-13 14:48:50,310 INFO o.a.j.r.c.ReportGeneratorConfiguration: Property 'jmeter.reportgenerator.temp_dir' not found, using default value 'temp' instead.
2024-02-13 14:48:50,313 INFO o.a.j.r.c.ReportGeneratorConfiguration: Property 'jmeter.reportgenerator.apdex_per_transaction' not found, using default value 'null' instead.
2024-02-13 14:48:50,326 INFO o.a.j.r.c.ReportGeneratorConfiguration: apdex_per_transaction is empty, not APDEX per transaction customization
2024-02-13 14:48:50,326 INFO o.a.j.r.c.ReportGeneratorConfiguration: Property 'jmeter.reportgenerator.sample_filter' not found, using default value 'null' instead.
2024-02-13 14:48:50,326 INFO o.a.j.r.c.ReportGeneratorConfiguration: Property 'jmeter.reportgenerator.report_title' not found, using default value 'null' instead.
2024-02-13 14:48:50,327 INFO o.a.j.r.c.ReportGeneratorConfiguration: Property 'jmeter.reportgenerator.start_date' not found, using default value 'null' instead.
2024-02-13 14:48:50,327 INFO o.a.j.r.c.ReportGeneratorConfiguration: Property 'jmeter.reportgenerator.end_date' not found, using default value 'null' instead.
2024-02-13 14:48:50,327 INFO o.a.j.r.c.ReportGeneratorConfiguration: Property 'jmeter.reportgenerator.date_format' not found, using default value 'null' instead.
2024-02-13 14:48:50,327 INFO o.a.j.r.c.ReportGeneratorConfiguration: Will use date range start date: null, end date: null
2024-02-13 14:48:50,334 INFO o.a.j.r.c.ReportGeneratorConfiguration: Property 'jmeter.reportgenerator.graph.totalTPS.exclude_controllers' not found, using default value 'false' instead.
2024-02-13 14:48:50,334 INFO o.a.j.r.c.ReportGeneratorConfiguration: Property 'jmeter.reportgenerator.graph.activeThreadsOverTime.exclude_controllers' not found, using default value 'false' instead.
2024-02-13 14:48:50,335 INFO o.a.j.r.c.ReportGeneratorConfiguration: Property 'jmeter.reportgenerator.graph.timeVsThreads.exclude_controllers' not found, using default value 'false' instead.
2024-02-13 14:48:50,335 INFO o.a.j.r.c.ReportGeneratorConfiguration: Property 'jmeter.reportgenerator.graph.responseTimeDistribution.exclude_controllers' not found, using default value 'false' instead.
2024-02-13 14:48:50,335 INFO o.a.j.r.c.ReportGeneratorConfiguration: Property 'jmeter.reportgenerator.graph.transactionsPerSecond.exclude_controllers' not found, using default value 'false' instead.
2024-02-13 14:48:50,335 INFO o.a.j.r.c.ReportGeneratorConfiguration: Property 'jmeter.reportgenerator.graph.responseTimePercentiles.exclude_controllers' not found, using default value 'false' instead.
2024-02-13 14:48:50,335 INFO o.a.j.r.c.ReportGeneratorConfiguration: Property 'jmeter.reportgenerator.graph.responseTimePercentilesOverTime.exclude_controllers' not found, using default value 'false' instead.
2024-02-13 14:48:50,336 INFO o.a.j.r.c.ReportGeneratorConfiguration: Property 'jmeter.reportgenerator.graph.responseTimesOverTime.exclude_controllers' not found, using default value 'false' instead.
2024-02-13 14:48:50,336 INFO o.a.j.r.c.ReportGeneratorConfiguration: Property 'jmeter.reportgenerator.graph.connectTimeOverTime.exclude_controllers' not found, using default value 'false' instead.
2024-02-13 14:48:50,336 INFO o.a.j.r.c.ReportGeneratorConfiguration: Property 'jmeter.reportgenerator.graph.latenciesOverTime.exclude_controllers' not found, using default value 'false' instead.
2024-02-13 14:48:50,337 INFO o.a.j.r.c.ReportGeneratorConfiguration: Property 'jmeter.reportgenerator.exporter.json.filters_only_sample_series' not found, using default value 'true' instead.
2024-02-13 14:48:50,338 INFO o.a.j.r.c.ReportGeneratorConfiguration: Property 'jmeter.reportgenerator.exporter.json.series_filter' not found, using default value '' instead.
2024-02-13 14:48:50,338 INFO o.a.j.r.c.ReportGeneratorConfiguration: Property 'jmeter.reportgenerator.exporter.json.show_controllers_only' not found, using default value 'false' instead.
2024-02-13 14:48:50,339 INFO o.a.j.r.c.ReportGeneratorConfiguration: Property 'jmeter.reportgenerator.exporter.html.filters_only_sample_series' not found, using default value 'true' instead.
2024-02-13 14:48:50,339 INFO o.a.j.r.c.ReportGeneratorConfiguration: Property 'jmeter.reportgenerator.exporter.html.series_filter' not found, using default value '' instead.
2024-02-13 14:48:50,339 INFO o.a.j.r.c.ReportGeneratorConfiguration: Property 'jmeter.reportgenerator.exporter.html.show_controllers_only' not found, using default value 'false' instead.
2024-02-13 14:48:50,553 INFO o.a.j.s.SaveService: Testplan (JMX) version: 2.2. Testlog (JTL) version: 2.2
2024-02-13 14:48:50,591 INFO o.a.j.s.SaveService: Using SaveService properties version 5.0
2024-02-13 14:48:50,595 INFO o.a.j.s.SaveService: Using SaveService properties file encoding UTF-8
2024-02-13 14:48:50,623 INFO o.a.j.r.p.NormalizerSampleConsumer: Using format, 'ms', to parse timeStamp field
2024-02-13 14:48:50,797 INFO o.a.j.r.p.AbstractSampleConsumer: class org.apache.jmeter.report.processor.AggregateConsumer#stopProducing(): beginDate produced 0 samples
2024-02-13 14:48:50,797 INFO o.a.j.r.p.AbstractSampleConsumer: class org.apache.jmeter.report.processor.AggregateConsumer#stopProducing(): endDate produced 0 samples
2024-02-13 14:48:50,802 INFO o.a.j.r.p.AbstractSampleConsumer: class org.apache.jmeter.report.processor.ApdexSummaryConsumer#stopProducing(): apdexSummary produced 0 samples
2024-02-13 14:48:50,802 INFO o.a.j.r.p.AbstractSampleConsumer: class org.apache.jmeter.report.processor.RequestsSummaryConsumer#stopProducing(): requestsSummary produced 0 samples
2024-02-13 14:48:50,807 INFO o.a.j.r.p.AbstractSampleConsumer: class org.apache.jmeter.report.processor.StatisticsSummaryConsumer#stopProducing(): statisticsSummary produced 0 samples
2024-02-13 14:48:50,810 INFO o.a.j.r.p.AbstractSampleConsumer: class org.apache.jmeter.report.processor.Top5ErrorsBySamplerConsumer#stopProducing(): top5ErrorsBySampler produced 0 samples
2024-02-13 14:48:50,810 INFO o.a.j.r.p.AbstractSampleConsumer: class org.apache.jmeter.report.processor.ErrorsSummaryConsumer#stopProducing(): errorsSummary produced 0 samples
2024-02-13 14:48:50,810 INFO o.a.j.r.p.AbstractSampleConsumer: class org.apache.jmeter.report.processor.graph.impl.HitsPerSecondGraphConsumer#stopProducing(): hitsPerSecond produced 0 samples
2024-02-13 14:48:50,826 INFO o.a.j.r.p.AbstractSampleConsumer: class org.apache.jmeter.report.processor.graph.impl.LatencyVSRequestGraphConsumer#stopProducing(): latencyVsRequest produced 0 samples
2024-02-13 14:48:50,827 INFO o.a.j.r.p.AbstractSampleConsumer: class org.apache.jmeter.report.processor.graph.impl.SyntheticResponseTimeDistributionGraphConsumer#stopProducing(): syntheticResponseTimeDistribution produced 0 samples
2024-02-13 14:48:50,827 INFO o.a.j.r.p.AbstractSampleConsumer: class org.apache.jmeter.report.processor.graph.impl.BytesThroughputGraphConsumer#stopProducing(): bytesThroughputOverTime produced 0 samples
2024-02-13 14:48:50,829 INFO o.a.j.r.p.AbstractSampleConsumer: class org.apache.jmeter.report.processor.graph.impl.CodesPerSecondGraphConsumer#stopProducing(): codesPerSecond produced 0 samples
2024-02-13 14:48:50,839 INFO o.a.j.r.p.AbstractSampleConsumer: class org.apache.jmeter.report.processor.graph.impl.ResponseTimeVSRequestGraphConsumer#stopProducing(): responseTimeVsRequest produced 0 samples
2024-02-13 14:48:50,840 INFO o.a.j.r.p.AbstractSampleConsumer: class org.apache.jmeter.report.processor.FilterConsumer#stopProducing(): startIntervalControlerFilter produced 2184 samples
2024-02-13 14:48:50,840 INFO o.a.j.r.p.AbstractSampleConsumer: class org.apache.jmeter.report.processor.graph.impl.TotalTPSGraphConsumer#stopProducing(): totalTPS produced 0 samples
2024-02-13 14:48:50,840 INFO o.a.j.r.p.AbstractSampleConsumer: class org.apache.jmeter.report.processor.graph.impl.ActiveThreadsGraphConsumer#stopProducing(): activeThreadsOverTime produced 0 samples
2024-02-13 14:48:50,841 INFO o.a.j.r.p.AbstractSampleConsumer: class org.apache.jmeter.report.processor.graph.impl.TimeVSThreadGraphConsumer#stopProducing(): timeVsThreads produced 0 samples
2024-02-13 14:48:50,841 INFO o.a.j.r.p.AbstractSampleConsumer: class org.apache.jmeter.report.processor.graph.impl.ResponseTimeDistributionGraphConsumer#stopProducing(): responseTimeDistribution produced 0 samples
2024-02-13 14:48:50,842 INFO o.a.j.r.p.AbstractSampleConsumer: class org.apache.jmeter.report.processor.graph.impl.TransactionsPerSecondGraphConsumer#stopProducing(): transactionsPerSecond produced 0 samples
2024-02-13 14:48:50,842 INFO o.a.j.r.p.AbstractSampleConsumer: class org.apache.jmeter.report.processor.graph.impl.ResponseTimePercentilesGraphConsumer#stopProducing(): responseTimePercentiles produced 0 samples
2024-02-13 14:48:50,846 INFO o.a.j.r.p.AbstractSampleConsumer: class org.apache.jmeter.report.processor.graph.impl.ResponseTimePercentilesOverTimeGraphConsumer#stopProducing(): responseTimePercentilesOverTime produced 0 samples
2024-02-13 14:48:50,850 INFO o.a.j.r.p.AbstractSampleConsumer: class org.apache.jmeter.report.processor.graph.impl.ResponseTimeOverTimeGraphConsumer#stopProducing(): responseTimesOverTime produced 0 samples
2024-02-13 14:48:50,851 INFO o.a.j.r.p.AbstractSampleConsumer: class org.apache.jmeter.report.processor.graph.impl.ConnectTimeOverTimeGraphConsumer#stopProducing(): connectTimeOverTime produced 0 samples
2024-02-13 14:48:50,852 INFO o.a.j.r.p.AbstractSampleConsumer: class org.apache.jmeter.report.processor.graph.impl.LatencyOverTimeGraphConsumer#stopProducing(): latenciesOverTime produced 0 samples
2024-02-13 14:48:50,852 INFO o.a.j.r.p.AbstractSampleConsumer: class org.apache.jmeter.report.processor.FilterConsumer#stopProducing(): nameFilter produced 7020 samples
2024-02-13 14:48:50,853 INFO o.a.j.r.p.AbstractSampleConsumer: class org.apache.jmeter.report.processor.FilterConsumer#stopProducing(): dateRangeFilter produced 1404 samples
2024-02-13 14:48:50,853 INFO o.a.j.r.p.AbstractSampleConsumer: class org.apache.jmeter.report.processor.NormalizerSampleConsumer#stopProducing(): normalizer produced 468 samples
2024-02-13 14:48:50,854 INFO o.a.j.r.p.CsvFileSampleSource: produce(): 468 samples produced in 201ms on channel 0
2024-02-13 14:48:50,854 INFO o.a.j.r.d.ReportGenerator: Exporting data using exporter:'json' of className:'org.apache.jmeter.report.dashboard.JsonExporter'
2024-02-13 14:48:50,934 INFO o.a.j.r.d.JsonExporter: Found data for consumer statisticsSummary in context
2024-02-13 14:48:50,934 INFO o.a.j.r.d.JsonExporter: Creating statistics for overall
2024-02-13 14:48:50,935 INFO o.a.j.r.d.JsonExporter: Creating statistics for other transactions
2024-02-13 14:48:50,936 INFO o.a.j.r.d.JsonExporter: Checking output folder
2024-02-13 14:48:50,940 INFO o.a.j.r.d.JsonExporter: Writing statistics JSON to C:\Users\ashwanis\Desktop\360Logica\360Logica\360Logica\Reports\Performance\statistics.json
2024-02-13 14:48:50,986 INFO o.a.j.r.d.ReportGenerator: Exporting data using exporter:'html' of className:'org.apache.jmeter.report.dashboard.HtmlTemplateExporter'
2024-02-13 14:48:50,991 INFO o.a.j.r.d.HtmlTemplateExporter: Will generate dashboard in folder: C:\Users\ashwanis\Desktop\360Logica\360Logica\360Logica\Reports\Performance
2024-02-13 14:48:51,247 INFO o.a.j.r.d.HtmlTemplateExporter: Report will be generated in: C:\Users\ashwanis\Desktop\360Logica\360Logica\360Logica\Reports\Performance, creating folder structure
2024-02-13 14:48:51,251 INFO o.a.j.r.d.TemplateVisitor: Copying folder from 'C:\Users\ashwanis\Desktop\360Logica\360Logica\360Logica\src\main\java\core\Perfomance\bin\report-template' to 'C:\Users\ashwanis\Desktop\360Logica\360Logica\360Logica\Reports\Performance', got message: C:\Users\ashwanis\Desktop\360Logica\360Logica\360Logica\Reports\Performance, found non empty folder with following content [C:\Users\ashwanis\Desktop\360Logica\360Logica\360Logica\Reports\Performance\statistics.json], will be ignored
